
> status_threshold@1.0.0 start
> node status_monitor/monitor.js

◇ injected env (11) from .env // tip: ⌘ enable debugging { debug: true }
[TB1] Logged in. Loading customers and devices...
  [Precicraft CNC Works] PCW-VMC-02 — idle:10s alarm:- disconnect:-
  [SMC] SMC-C-L-02 — idle:900s alarm:300s disconnect:600s
  [SMC] SMC-C-M-01 — idle:1200s alarm:180s disconnect:900s
  [SMC] SMC-C-L-03 — idle:1500s alarm:15s disconnect:300s
  [SMC] SMC-C-M-02 — idle:1800s alarm:20s disconnect:1500s
  [SMC] SMC-C-L-01 — idle:1200s alarm:20s disconnect:600s
  [PMI GLOBAL] PMI-G-MC-01-3X — idle:300s alarm:- disconnect:-
  [PMI GLOBAL] PMI-G-MC-25-4X — idle:1200s alarm:600s disconnect:1200s
  [PMI GLOBAL] PMI-G-TC-19-2X — idle:1200s alarm:600s disconnect:1200s
  [PMI GLOBAL] PMI-G-TC-20-2X — idle:1200s alarm:600s disconnect:1200s
  [PMI GLOBAL] PMI-G-MC-22-4X — idle:1200s alarm:600s disconnect:1200s
  [PMI GLOBAL] PMI-G-MC-23-4X — idle:1200s alarm:600s disconnect:1200s
  [PMI GLOBAL] PMI-G-TC-21-2X — idle:1200s alarm:600s disconnect:1200s
  [PMI GLOBAL] PMI-G-TMC-22-3X — idle:1200s alarm:600s disconnect:1200s
  [PMI GLOBAL] PMI-G-MC-26-4X — idle:1200s alarm:600s disconnect:1200s
  [PMI GLOBAL] PMI-G-TMC-23-3X — idle:1200s alarm:600s disconnect:1200s
  [PMI GLOBAL] PMI-G-MC-27-4X — idle:1200s alarm:600s disconnect:1200s
  [MARKS] MCV-550L-CNC136 — idle:60s alarm:10s disconnect:60s
  [MARKS] MCV-550L-CNC132 — idle:120s alarm:10s disconnect:15s
  [MARKS] MCV-550L-CNC158 — idle:300s alarm:60s disconnect:60s
  [MARKS] MCV-550L-CNC144 — idle:300s alarm:60s disconnect:120s

[TB1] Total devices monitored: 21
[TB1] Waiting for machine_status events via WebSocket...

[TB1] WebSocket connected.
[TB1] Subscribed to 21 device(s) via WebSocket (machine_status).
  [SMC-C-M-01] IDLE — alert in 1081s
  [SMC-C-L-03] IDLE — alert in 1393s
  [PMI-G-TC-19-2X] IDLE — alert in 970s
  [PMI-G-TMC-22-3X] IDLE — alert in 1105s
  [PMI-G-TMC-23-3X] IDLE — alert in 1175s
  [MCV-550L-CNC136] DISCONNECT already past threshold — alerting now.
[2026-07-15T09:00:35.159Z] [TB1] ALERT — MARKS/MCV-550L-CNC136: Machine Disconnect
  [MCV-550L-CNC132] DISCONNECT already past threshold — alerting now.
[2026-07-15T09:00:35.184Z] [TB1] ALERT — MARKS/MCV-550L-CNC132: Machine Disconnect
  [MCV-550L-CNC158] DISCONNECT already past threshold — alerting now.
[2026-07-15T09:00:35.185Z] [TB1] ALERT — MARKS/MCV-550L-CNC158: Machine Disconnect
  [MCV-550L-CNC144] DISCONNECT already past threshold — alerting now.
[2026-07-15T09:00:35.186Z] [TB1] ALERT — MARKS/MCV-550L-CNC144: Machine Disconnect
  [TB1] Notification → "Machine Disconnect" sent to 3 user(s)
  [TB1] Notification → "Machine Disconnect" sent to 3 user(s)
  [TB1] Notification → "Machine Disconnect" sent to 3 user(s)
  [TB1] Notification → "Machine Disconnect" sent to 3 user(s)
[2026-07-15T09:00:45.814Z] [TB1] SMC/SMC-C-L-01: RUNNING (no alert)
[2026-07-15T09:00:47.069Z] [TB1] PMI GLOBAL/PMI-G-MC-25-4X: RUNNING (no alert)
[2026-07-15T09:00:51.674Z] [TB1] PMI GLOBAL/PMI-G-TMC-22-3X: RUNNING (no alert)
[2026-07-15T09:00:55.685Z] [TB1] SMC/SMC-C-L-02: IDLE — alert scheduled in 898s (threshold: 15 minutes)
[2026-07-15T09:01:10.154Z] [TB1] PMI GLOBAL/PMI-G-TC-20-2X: IDLE — alert scheduled in 1197s (threshold: 20 minutes)
[2026-07-15T09:01:15.136Z] [TB1] SMC-C-M-01 SAME-CAT(IDLE)
  → skipped: same shift as previous entry
[2026-07-15T09:01:20.396Z] [TB1] PMI GLOBAL/PMI-G-TC-21-2X: RUNNING (no alert)
[2026-07-15T09:01:26.254Z] [TB1] SMC/SMC-C-L-02: RUNNING (no alert)
[2026-07-15T09:01:32.242Z] [TB1] SMC/SMC-C-L-02: IDLE — alert scheduled in 899s (threshold: 15 minutes)
[2026-07-15T09:01:32.766Z] [TB1] SMC/SMC-C-L-02: RUNNING (no alert)
[2026-07-15T09:01:33.926Z] [TB1] SMC/SMC-C-L-02: IDLE — alert scheduled in 899s (threshold: 15 minutes)
[2026-07-15T09:01:35.024Z] [TB1] SMC/SMC-C-L-02: RUNNING (no alert)
[2026-07-15T09:01:49.710Z] [TB1] Precicraft CNC Works/PCW-VMC-02: IDLE — alert scheduled in 9s (threshold: 10 seconds)
[2026-07-15T09:01:52.574Z] [TB1] PMI GLOBAL/PMI-G-TC-20-2X: RUNNING (no alert)
[2026-07-15T09:01:59.199Z] [TB1] ALERT — Precicraft CNC Works/PCW-VMC-02: Machine Idle
  [TB1] Notification → "Machine Idle" sent to 2 user(s)
[2026-07-15T09:02:03.570Z] [TB1] PMI GLOBAL/PMI-G-TC-21-2X: IDLE — alert scheduled in 1197s (threshold: 20 minutes)
  [TB1] Email sent — "Machine Idle"
[2026-07-15T09:02:06.755Z] [TB1] SMC/SMC-C-L-02: IDLE — alert scheduled in 898s (threshold: 15 minutes)
[2026-07-15T09:02:13.970Z] [TB1] SMC/SMC-C-M-01: RUNNING (no alert)
[2026-07-15T09:02:17.822Z] [TB1] SMC/SMC-C-L-02: RUNNING (no alert)
[2026-07-15T09:02:23.358Z] [TB1] SMC/SMC-C-L-02: IDLE — alert scheduled in 898s (threshold: 15 minutes)
[2026-07-15T09:02:23.718Z] [TB1] SMC/SMC-C-L-02: RUNNING (no alert)
[2026-07-15T09:02:54.796Z] [TB1] SMC/SMC-C-L-02: IDLE — alert scheduled in 899s (threshold: 15 minutes)
[2026-07-15T09:02:56.266Z] [TB1] PMI GLOBAL/PMI-G-TC-20-2X: IDLE — alert scheduled in 1199s (threshold: 20 minutes)
[2026-07-15T09:03:18.165Z] [TB1] PMI GLOBAL/PMI-G-TC-21-2X: RUNNING (no alert)
[2026-07-15T09:03:19.109Z] [TB1] SMC/SMC-C-M-01: IDLE — alert scheduled in 1199s (threshold: 20 minutes)
[2026-07-15T09:03:19.769Z] [TB1] SMC-C-M-01 SAME-CAT(IDLE)
  → skipped: same shift as previous entry
[2026-07-15T09:03:21.143Z] [TB1] PMI GLOBAL/PMI-G-TC-20-2X: RUNNING (no alert)
[2026-07-15T09:03:21.713Z] [TB1] PMI GLOBAL/PMI-G-MC-26-4X: IDLE — alert scheduled in 1199s (threshold: 20 minutes)
[2026-07-15T09:03:22.490Z] [TB1] SMC/SMC-C-L-02: RUNNING (no alert)
[2026-07-15T09:03:24.969Z] [TB1] PMI GLOBAL/PMI-G-TC-19-2X: RUNNING (no alert)
[2026-07-15T09:03:28.655Z] [TB1] SMC/SMC-C-L-02: IDLE — alert scheduled in 900s (threshold: 15 minutes)
[2026-07-15T09:03:29.768Z] [TB1] SMC/SMC-C-L-02: RUNNING (no alert)
[2026-07-15T09:03:38.933Z] [TB1] SMC/SMC-C-L-01: IDLE — alert scheduled in 1200s (threshold: 20 minutes)
[2026-07-15T09:03:39.906Z] [TB1] PMI GLOBAL/PMI-G-TC-20-2X: IDLE — alert scheduled in 1200s (threshold: 20 minutes)
[2026-07-15T09:03:59.651Z] [TB1] SMC/SMC-C-L-02: IDLE — alert scheduled in 900s (threshold: 15 minutes)
[2026-07-15T09:04:14.447Z] [TB1] SMC/SMC-C-L-02: RUNNING (no alert)
[2026-07-15T09:04:19.840Z] [TB1] SMC/SMC-C-L-02: IDLE — alert scheduled in 899s (threshold: 15 minutes)
[2026-07-15T09:04:20.264Z] [TB1] SMC/SMC-C-L-02: RUNNING (no alert)
[2026-07-15T09:04:25.092Z] [TB1] PMI GLOBAL/PMI-G-MC-26-4X: RUNNING (no alert)
[2026-07-15T09:04:31.103Z] [TB1] SMC/SMC-C-M-01: RUNNING (no alert)
[2026-07-15T09:04:31.970Z] [TB1] PMI GLOBAL/PMI-G-TC-20-2X: RUNNING (no alert)
[2026-07-15T09:04:40.191Z] [TB1] SMC/SMC-C-L-01: RUNNING (no alert)
[2026-07-15T09:04:48.731Z] [TB1] PMI GLOBAL/PMI-G-TMC-23-3X: RUNNING (no alert)
[2026-07-15T09:04:50.505Z] [TB1] SMC/SMC-C-L-02: IDLE — alert scheduled in 899s (threshold: 15 minutes)
[2026-07-15T09:04:51.342Z] [TB1] SMC-C-L-02 SAME-CAT(IDLE)
  → skipped: same shift as previous entry
[2026-07-15T09:04:55.157Z] [TB1] PMI GLOBAL/PMI-G-TC-21-2X: IDLE — alert scheduled in 1200s (threshold: 20 minutes)
[2026-07-15T09:04:57.525Z] [TB1] PMI GLOBAL/PMI-G-MC-01-3X: IDLE — alert scheduled in 300s (threshold: 5 minutes)
[2026-07-15T09:05:05.362Z] [TB1] PMI GLOBAL/PMI-G-MC-01-3X: RUNNING (no alert)
[2026-07-15T09:05:07.636Z] [TB1] PMI GLOBAL/PMI-G-MC-25-4X: IDLE — alert scheduled in 1197s (threshold: 20 minutes)
[2026-07-15T09:05:08.108Z] [TB1] PMI GLOBAL/PMI-G-TC-21-2X: RUNNING (no alert)
[2026-07-15T09:05:18.522Z] [TB1] PMI GLOBAL/PMI-G-TMC-23-3X: IDLE — alert scheduled in 1198s (threshold: 20 minutes)
[2026-07-15T09:05:28.571Z] [TB1] SMC/SMC-C-L-02: RUNNING (no alert)
[2026-07-15T09:05:29.466Z] [TB1] PMI GLOBAL/PMI-G-MC-25-4X: RUNNING (no alert)
[2026-07-15T09:05:31.667Z] [TB1] SMC/SMC-C-L-02: IDLE — alert scheduled in 899s (threshold: 15 minutes)
[2026-07-15T09:05:32.567Z] [TB1] SMC/SMC-C-L-02: RUNNING (no alert)
[2026-07-15T09:05:33.610Z] [TB1] SMC/SMC-C-L-02: IDLE — alert scheduled in 899s (threshold: 15 minutes)
[2026-07-15T09:05:34.211Z] [TB1] SMC/SMC-C-L-02: RUNNING (no alert)
[2026-07-15T09:05:37.348Z] [TB1] PMI GLOBAL/PMI-G-TC-21-2X: IDLE — alert scheduled in 1200s (threshold: 20 minutes)
[2026-07-15T09:05:38.484Z] [TB1] SMC/SMC-C-M-01: IDLE — alert scheduled in 1199s (threshold: 20 minutes)
[2026-07-15T09:05:46.672Z] [TB1] PMI GLOBAL/PMI-G-TC-19-2X: IDLE — alert scheduled in 1199s (threshold: 20 minutes)
[2026-07-15T09:06:06.105Z] [TB1] SMC/SMC-C-L-02: IDLE — alert scheduled in 897s (threshold: 15 minutes)
[2026-07-15T09:06:12.223Z] [TB1] PMI GLOBAL/PMI-G-TC-21-2X: RUNNING (no alert)
[2026-07-15T09:06:14.679Z] [TB1] SMC/SMC-C-L-02: RUNNING (no alert)
[2026-07-15T09:06:18.846Z] [TB1] SMC/SMC-C-L-02: IDLE — alert scheduled in 899s (threshold: 15 minutes)
[2026-07-15T09:06:21.061Z] [TB1] SMC/SMC-C-L-02: RUNNING (no alert)
[2026-07-15T09:06:21.273Z] [TB1] SMC/SMC-C-L-02: IDLE — alert scheduled in 898s (threshold: 15 minutes)
[2026-07-15T09:06:24.742Z] [TB1] PMI GLOBAL/PMI-G-TMC-23-3X: RUNNING (no alert)
[2026-07-15T09:06:24.745Z] [TB1] SMC/SMC-C-L-02: RUNNING (no alert)
[2026-07-15T09:06:31.596Z] [TB1] SMC/SMC-C-M-01: RUNNING (no alert)
[2026-07-15T09:06:54.605Z] [TB1] SMC/SMC-C-L-02: IDLE — alert scheduled in 899s (threshold: 15 minutes)
[2026-07-15T09:07:11.866Z] [TB1] PMI GLOBAL/PMI-G-TC-19-2X: RUNNING (no alert)
[2026-07-15T09:07:18.627Z] [TB1] RESOLVED — Precicraft CNC Works/PCW-VMC-02: Machine Idle Resolved
[2026-07-15T09:07:18.882Z] [TB1] SMC/SMC-C-L-02: RUNNING (no alert)
  [TB1] Notification → "Machine Idle Resolved" sent to 2 user(s)
[2026-07-15T09:07:19.026Z] [TB1] Precicraft CNC Works/PCW-VMC-02: RUNNING (no alert)
[2026-07-15T09:07:19.760Z] [TB1] PMI GLOBAL/PMI-G-TMC-23-3X: IDLE — alert scheduled in 1198s (threshold: 20 minutes)
[2026-07-15T09:07:23.661Z] [TB1] SMC/SMC-C-L-02: IDLE — alert scheduled in 899s (threshold: 15 minutes)
[2026-07-15T09:07:24.420Z] [TB1] SMC/SMC-C-L-02: RUNNING (no alert)
[2026-07-15T09:07:25.528Z] [TB1] SMC/SMC-C-L-02: IDLE — alert scheduled in 899s (threshold: 15 minutes)
[2026-07-15T09:07:26.117Z] [TB1] SMC/SMC-C-L-02: RUNNING (no alert)
[2026-07-15T09:07:35.588Z] [TB1] SMC/SMC-C-L-01: IDLE — alert scheduled in 1199s (threshold: 20 minutes)
[2026-07-15T09:07:38.734Z] [TB1] SMC/SMC-C-M-01: IDLE — alert scheduled in 1199s (threshold: 20 minutes)
[2026-07-15T09:07:48.700Z] [TB1] PMI GLOBAL/PMI-G-TC-20-2X: IDLE — alert scheduled in 1199s (threshold: 20 minutes)
[2026-07-15T09:07:52.259Z] [TB1] PMI GLOBAL/PMI-G-TC-19-2X: IDLE — alert scheduled in 1199s (threshold: 20 minutes)
[2026-07-15T09:07:57.333Z] [TB1] SMC/SMC-C-L-02: IDLE — alert scheduled in 898s (threshold: 15 minutes)
[2026-07-15T09:07:59.287Z] [TB1] SMC/SMC-C-L-01: RUNNING (no alert)
[2026-07-15T09:08:09.253Z] [TB1] PMI GLOBAL/PMI-G-TMC-23-3X: RUNNING (no alert)
[2026-07-15T09:08:09.337Z] [TB1] PMI GLOBAL/PMI-G-TC-19-2X: RUNNING (no alert)
[2026-07-15T09:08:18.560Z] [TB1] PMI GLOBAL/PMI-G-TC-21-2X: IDLE — alert scheduled in 1198s (threshold: 20 minutes)
[2026-07-15T09:08:25.433Z] [TB1] PMI GLOBAL/PMI-G-MC-01-3X: IDLE — alert scheduled in 298s (threshold: 5 minutes)
[2026-07-15T09:08:26.557Z] [TB1] PMI GLOBAL/PMI-G-MC-01-3X: RUNNING (no alert)
[2026-07-15T09:08:38.699Z] [TB1] PMI GLOBAL/PMI-G-TC-20-2X: RUNNING (no alert)
[2026-07-15T09:08:41.808Z] [TB1] PMI GLOBAL/PMI-G-MC-01-3X: IDLE — alert scheduled in 299s (threshold: 5 minutes)
[2026-07-15T09:08:44.345Z] [TB1] PMI GLOBAL/PMI-G-MC-01-3X: RUNNING (no alert)
[2026-07-15T09:08:54.233Z] [TB1] PMI GLOBAL/PMI-G-TC-21-2X: RUNNING (no alert)
[2026-07-15T09:09:06.664Z] [TB1] PMI GLOBAL/PMI-G-MC-23-4X: IDLE — alert scheduled in 1196s (threshold: 20 minutes)
[2026-07-15T09:09:11.603Z] [TB1] SMC/SMC-C-M-01: RUNNING (no alert)
[2026-07-15T09:09:28.011Z] [TB1] SMC/SMC-C-L-02: RUNNING (no alert)
[2026-07-15T09:09:35.024Z] [TB1] SMC/SMC-C-L-02: IDLE — alert scheduled in 898s (threshold: 15 minutes)
[2026-07-15T09:09:36.008Z] [TB1] SMC/SMC-C-L-02: RUNNING (no alert)
[2026-07-15T09:09:36.677Z] [TB1] SMC/SMC-C-L-02: IDLE — alert scheduled in 898s (threshold: 15 minutes)
[2026-07-15T09:09:36.789Z] [TB1] SMC/SMC-C-L-02: RUNNING (no alert)
[2026-07-15T09:09:46.988Z] [TB1] PMI GLOBAL/PMI-G-TC-20-2X: IDLE — alert scheduled in 1197s (threshold: 20 minutes)
[2026-07-15T09:10:11.982Z] [TB1] SMC/SMC-C-L-02: IDLE — alert scheduled in 894s (threshold: 15 minutes)
[2026-07-15T09:10:18.711Z] [TB1] PMI GLOBAL/PMI-G-TMC-23-3X: IDLE — alert scheduled in 1196s (threshold: 20 minutes)
[2026-07-15T09:10:20.152Z] [TB1] SMC/SMC-C-M-01: IDLE — alert scheduled in 1197s (threshold: 20 minutes)
[2026-07-15T09:10:21.007Z] [TB1] PMI GLOBAL/PMI-G-MC-01-3X: IDLE — alert scheduled in 298s (threshold: 5 minutes)
[2026-07-15T09:10:21.715Z] [TB1] SMC/SMC-C-L-02: RUNNING (no alert)
[2026-07-15T09:10:25.720Z] [TB1] SMC/SMC-C-L-02: IDLE — alert scheduled in 899s (threshold: 15 minutes)
[2026-07-15T09:10:26.509Z] [TB1] SMC/SMC-C-L-02: RUNNING (no alert)
[2026-07-15T09:10:27.794Z] [TB1] SMC/SMC-C-L-02: IDLE — alert scheduled in 898s (threshold: 15 minutes)
[2026-07-15T09:10:28.057Z] [TB1] SMC/SMC-C-L-02: RUNNING (no alert)
[2026-07-15T09:10:31.452Z] [TB1] PMI GLOBAL/PMI-G-TC-19-2X: IDLE — alert scheduled in 1198s (threshold: 20 minutes)
[2026-07-15T09:10:34.885Z] [TB1] PMI GLOBAL/PMI-G-MC-23-4X: RUNNING (no alert)
[2026-07-15T09:10:49.944Z] [TB1] PMI GLOBAL/PMI-G-TMC-23-3X: RUNNING (no alert)
[2026-07-15T09:10:51.895Z] [TB1] PMI GLOBAL/PMI-G-TC-19-2X: RUNNING (no alert)
[2026-07-15T09:10:56.146Z] [TB1] SMC/SMC-C-L-01: IDLE — alert scheduled in 1198s (threshold: 20 minutes)
[2026-07-15T09:10:57.381Z] [TB1] SMC/SMC-C-L-02: IDLE — alert scheduled in 899s (threshold: 15 minutes)
[2026-07-15T09:10:59.115Z] [TB1] PMI GLOBAL/PMI-G-TC-21-2X: IDLE — alert scheduled in 1198s (threshold: 20 minutes)
[2026-07-15T09:11:03.865Z] [TB1] SMC/SMC-C-M-01: RUNNING (no alert)
[2026-07-15T09:11:20.144Z] [TB1] SMC/SMC-C-L-02: RUNNING (no alert)
[2026-07-15T09:11:25.044Z] [TB1] SMC/SMC-C-L-02: IDLE — alert scheduled in 898s (threshold: 15 minutes)
[2026-07-15T09:11:25.139Z] [TB1] SMC/SMC-C-L-02: RUNNING (no alert)
[2026-07-15T09:11:26.516Z] [TB1] SMC/SMC-C-L-02: IDLE — alert scheduled in 899s (threshold: 15 minutes)
[2026-07-15T09:11:26.934Z] [TB1] SMC/SMC-C-L-02: RUNNING (no alert)
[2026-07-15T09:11:33.425Z] [TB1] PMI GLOBAL/PMI-G-MC-26-4X: IDLE — alert scheduled in 1197s (threshold: 20 minutes)
[2026-07-15T09:11:44.298Z] [TB1] PMI GLOBAL/PMI-G-TC-21-2X: RUNNING (no alert)
[2026-07-15T09:11:46.820Z] [TB1] SMC/SMC-C-L-01: RUNNING (no alert)
[2026-07-15T09:11:55.259Z] [TB1] SMC/SMC-C-M-02: IDLE — alert scheduled in 1799s (threshold: 30 minutes)
[2026-07-15T09:11:57.246Z] [TB1] SMC/SMC-C-L-02: IDLE — alert scheduled in 899s (threshold: 15 minutes)
[2026-07-15T09:11:58.208Z] [TB1] PMI GLOBAL/PMI-G-MC-01-3X: RUNNING (no alert)
[2026-07-15T09:12:08.702Z] [TB1] SMC/SMC-C-M-01: IDLE — alert scheduled in 1198s (threshold: 20 minutes)
[2026-07-15T09:12:17.294Z] [TB1] PMI GLOBAL/PMI-G-TC-20-2X: RUNNING (no alert)
[2026-07-15T09:12:25.664Z] [TB1] PMI GLOBAL/PMI-G-MC-26-4X: RUNNING (no alert)
[2026-07-15T09:12:36.933Z] [TB1] PMI GLOBAL/PMI-G-TC-20-2X: IDLE — alert scheduled in 1199s (threshold: 20 minutes)
[2026-07-15T09:12:37.200Z] [TB1] SMC/SMC-C-L-02: RUNNING (no alert)
[2026-07-15T09:12:40.740Z] [TB1] SMC/SMC-C-L-02: IDLE — alert scheduled in 900s (threshold: 15 minutes)
[2026-07-15T09:12:42.184Z] [TB1] SMC/SMC-C-L-02: RUNNING (no alert)
[2026-07-15T09:12:43.462Z] [TB1] SMC/SMC-C-L-02: IDLE — alert scheduled in 899s (threshold: 15 minutes)
[2026-07-15T09:12:45.179Z] [TB1] PMI GLOBAL/PMI-G-MC-26-4X: IDLE — alert scheduled in 1200s (threshold: 20 minutes)
[2026-07-15T09:12:50.273Z] [TB1] SMC/SMC-C-L-02: RUNNING (no alert)
[2026-07-15T09:12:53.556Z] [TB1] PMI GLOBAL/PMI-G-TMC-23-3X: IDLE — alert scheduled in 1199s (threshold: 20 minutes)
